// Vitest Snapshot v1

exports[`Header > renders the initial state correctly 1`] = `
<div>
  <nav>
    <h1>
      BookStore
    </h1>
    <div>
      <ul>
        <li>
           
          <a
            class=""
            data-testid="link-item"
            href="#/books"
          >
            Books
          </a>
        </li>
        <li>
           
          <a
            class=""
            data-testid="link-item"
            href="#/categories"
          >
            Categories
          </a>
        </li>
      </ul>
    </div>
  </nav>
</div>
`;
